-- dependency analysis: get_column_dependencies, analyze_drop_column,
-- pgvc_column_dependencies view, pgvc_analyze_drop_report
CREATE EXTENSION pg_viewctl;
CREATE SCHEMA test_deps;
CREATE TABLE test_deps.employees (
    id serial PRIMARY KEY,
    name text NOT NULL,
    salary numeric,
    dept_id integer
);
CREATE TABLE test_deps.departments (
    id serial PRIMARY KEY,
    name text NOT NULL
);
-- three-layer view stack: join → filter, aggregate
CREATE VIEW test_deps.employee_summary AS
SELECT e.id, e.name, e.salary, d.name AS department
FROM test_deps.employees e
JOIN test_deps.departments d ON d.id = e.dept_id;
CREATE VIEW test_deps.high_earners AS
SELECT id, name, salary, department
FROM test_deps.employee_summary
WHERE salary > 100000;
CREATE VIEW test_deps.payroll_summary AS
SELECT department, COUNT(*) AS headcount, SUM(salary) AS total_salary
FROM test_deps.employee_summary
GROUP BY department;
-- materialized view on base table
CREATE MATERIALIZED VIEW test_deps.dept_stats AS
SELECT d.id, d.name, COUNT(e.id) AS emp_count
FROM test_deps.departments d
LEFT JOIN test_deps.employees e ON e.dept_id = d.id
GROUP BY d.id, d.name;
-- direct deps from base table: only employee_summary sees it
SELECT dependent_schema, dependent_view, dependent_column, source_column
FROM get_column_dependencies('test_deps', 'employees')
ORDER BY source_column, dependent_view;
 dependent_schema |  dependent_view  | dependent_column | source_column 
------------------+------------------+------------------+---------------
 test_deps        | dept_stats       | dept_id          | dept_id
 test_deps        | employee_summary | dept_id          | dept_id
 test_deps        | dept_stats       | id               | id
 test_deps        | employee_summary | id               | id
 test_deps        | employee_summary | name             | name
 test_deps        | employee_summary | salary           | salary
(6 rows)

-- deps from intermediate view: high_earners and payroll_summary
SELECT dependent_schema, dependent_view, dependent_column, source_column
FROM get_column_dependencies('test_deps', 'employee_summary')
ORDER BY dependent_view, source_column;
 dependent_schema | dependent_view  | dependent_column | source_column 
------------------+-----------------+------------------+---------------
 test_deps        | high_earners    | department       | department
 test_deps        | high_earners    | id               | id
 test_deps        | high_earners    | name             | name
 test_deps        | high_earners    | salary           | salary
 test_deps        | payroll_summary | department       | department
 test_deps        | payroll_summary | salary           | salary
(6 rows)

-- leaf view: nothing depends on it
SELECT dependent_view
FROM get_column_dependencies('test_deps', 'high_earners');
 dependent_view 
----------------
(0 rows)

-- departments.name → employee_summary.department is a rename,
-- so dependent_column falls back to source name
SELECT dependent_view, dependent_column, source_column
FROM get_column_dependencies('test_deps', 'departments')
ORDER BY dependent_view, source_column;
  dependent_view  | dependent_column | source_column 
------------------+------------------+---------------
 dept_stats       | id               | id
 dept_stats       | name             | name
 employee_summary | id               | id
 employee_summary | name             | name
(4 rows)

-- matview deps from departments
SELECT dependent_view, dependent_column, source_column
FROM get_column_dependencies('test_deps', 'departments')
WHERE dependent_view = 'dept_stats'
ORDER BY source_column;
 dependent_view | dependent_column | source_column 
----------------+------------------+---------------
 dept_stats     | id               | id
 dept_stats     | name             | name
(2 rows)

-- analyze_drop_column: salary used by two downstream views
SELECT dependent_view, dependent_column, impact_severity, usage_location
FROM analyze_drop_column('test_deps', 'employee_summary', 'salary')
ORDER BY dependent_view;
 dependent_view  | dependent_column | impact_severity |      usage_location       
-----------------+------------------+-----------------+---------------------------
 high_earners    | salary           | BREAKING        | test_deps.high_earners
 payroll_summary | salary           | BREAKING        | test_deps.payroll_summary
(2 rows)

-- analyze_drop_column: leaf view, nothing breaks
SELECT dependent_view
FROM analyze_drop_column('test_deps', 'high_earners', 'salary');
 dependent_view 
----------------
(0 rows)

-- report format
SELECT pgvc_analyze_drop_report('test_deps', 'employee_summary', 'salary');
             pgvc_analyze_drop_report             
--------------------------------------------------
 BREAKING        test_deps.high_earners.salary   +
 BREAKING        test_deps.payroll_summary.salary
(1 row)

SELECT pgvc_analyze_drop_report('test_deps', 'high_earners', 'salary');
 pgvc_analyze_drop_report 
--------------------------
 no dependencies
(1 row)

-- pgvc_column_dependencies view
SELECT source_object, source_column, dependent_view, dependent_column,
       dependency_type, impact_severity
FROM pgvc_column_dependencies
WHERE source_schema = 'test_deps' AND source_object = 'employees'
ORDER BY source_column, dependent_view;
 source_object | source_column |  dependent_view  | dependent_column | dependency_type | impact_severity 
---------------+---------------+------------------+------------------+-----------------+-----------------
 employees     | dept_id       | dept_stats       | dept_id          | NORMAL          | BREAKING
 employees     | dept_id       | employee_summary | dept_id          | NORMAL          | BREAKING
 employees     | id            | dept_stats       | id               | NORMAL          | BREAKING
 employees     | id            | employee_summary | id               | NORMAL          | BREAKING
 employees     | name          | employee_summary | name             | NORMAL          | BREAKING
 employees     | salary        | employee_summary | salary           | NORMAL          | BREAKING
(6 rows)

-- cross-schema dependency
CREATE SCHEMA test_deps_xref;
CREATE VIEW test_deps_xref.external_view AS
SELECT id, name FROM test_deps.employees;
SELECT dependent_schema, dependent_view, source_column
FROM get_column_dependencies('test_deps', 'employees')
WHERE dependent_schema = 'test_deps_xref'
ORDER BY source_column;
 dependent_schema | dependent_view | source_column 
------------------+----------------+---------------
 test_deps_xref   | external_view  | id
 test_deps_xref   | external_view  | name
(2 rows)

-- nonexistent object/schema: empty sets, no errors
SELECT count(*) FROM get_column_dependencies('test_deps', 'no_such_table');
 count 
-------
     0
(1 row)

SELECT count(*) FROM get_column_dependencies('no_such_schema', 'employees');
 count 
-------
     0
(1 row)

-- pgvc_dependency_order: full graph from base table
-- employees at 0, employee_summary + dept_stats + external_view at 1,
-- high_earners + payroll_summary at 2
SELECT * FROM pgvc_dependency_order('test_deps', 'employees');
 level |   dep_schema   |     dep_view     
-------+----------------+------------------
     0 | test_deps      | employees
     1 | test_deps      | dept_stats
     1 | test_deps      | employee_summary
     1 | test_deps_xref | external_view
     2 | test_deps      | high_earners
     2 | test_deps      | payroll_summary
(6 rows)

-- pgvc_dependency_order: from intermediate view
SELECT * FROM pgvc_dependency_order('test_deps', 'employee_summary');
 level | dep_schema |     dep_view     
-------+------------+------------------
     0 | test_deps  | employee_summary
     1 | test_deps  | high_earners
     1 | test_deps  | payroll_summary
(3 rows)

-- pgvc_dependency_order: leaf view (nothing depends on it)
SELECT * FROM pgvc_dependency_order('test_deps', 'high_earners');
 level | dep_schema |   dep_view   
-------+------------+--------------
     0 | test_deps  | high_earners
(1 row)

-- pgvc_dependency_order: diamond dependency
CREATE VIEW test_deps.combined_report AS
SELECT h.name, p.total_salary
FROM test_deps.high_earners h
JOIN test_deps.payroll_summary p ON h.department = p.department;
SELECT * FROM pgvc_dependency_order('test_deps', 'employee_summary');
 level | dep_schema |     dep_view     
-------+------------+------------------
     0 | test_deps  | employee_summary
     1 | test_deps  | high_earners
     1 | test_deps  | payroll_summary
     2 | test_deps  | combined_report
(4 rows)

-- pgvc_dependency_order: cross-schema (external_view at level 1)
SELECT dep_schema, dep_view
FROM pgvc_dependency_order('test_deps', 'employees')
WHERE dep_schema = 'test_deps_xref';
   dep_schema   |   dep_view    
----------------+---------------
 test_deps_xref | external_view
(1 row)

-- pgvc_dependency_order: nonexistent object returns empty set
SELECT * FROM pgvc_dependency_order('test_deps', 'no_such_table');
 level | dep_schema | dep_view 
-------+------------+----------
(0 rows)

-- pgvc_dependency_order: nonexistent schema returns empty set
SELECT * FROM pgvc_dependency_order('no_such_schema', 'employees');
 level | dep_schema | dep_view 
-------+------------+----------
(0 rows)

-- teardown
DROP SCHEMA test_deps_xref CASCADE;
NOTICE:  drop cascades to view test_deps_xref.external_view
DROP SCHEMA test_deps CASCADE;
NOTICE:  drop cascades to 7 other objects
DETAIL:  drop cascades to table test_deps.employees
drop cascades to table test_deps.departments
drop cascades to view test_deps.employee_summary
drop cascades to view test_deps.high_earners
drop cascades to view test_deps.payroll_summary
drop cascades to materialized view test_deps.dept_stats
drop cascades to view test_deps.combined_report
DROP EXTENSION pg_viewctl CASCADE;
